
[1m[46m RUN [49m[22m [36mv3.2.4 [39m[90mC:/Users/russe/Hyrox-Companion[39m

 [31mΓ¥»[39m server/routeUtils.test.ts [2m([22m[2m28 tests[22m[2m | [22m[31m1 failed[39m[2m | [22m[33m27 skipped[39m[2m)[22m[32m 73[2mms[22m[39m
   [2m[90mΓåô[39m[22m rateLimiter[2m > [22mcalls next() for requests under the limit
   [2m[90mΓåô[39m[22m rateLimiter[2m > [22mreturns 429 when maxRequests is exceeded
   [2m[90mΓåô[39m[22m rateLimiter[2m > [22mresets limit after windowMs passes
   [2m[90mΓåô[39m[22m rateLimiter[2m > [22mdistinguishes between different users
   [2m[90mΓåô[39m[22m rateLimiter[2m > [22muses ip address if userId is missing
   [2m[90mΓåô[39m[22m rateLimiter[2m > [22mcalls next() and bypasses rate limiting if neither userId nor ip is present
[31m   [31m├ù[31m rateLimiter[2m > [22mdistinguishes between different categories for the same user[39m[32m 71[2mms[22m[39m
[31m     ΓåÆ expected "spy" to be called 2 times, but got 1 times[39m
   [2m[90mΓåô[39m[22m calculateStreak[2m > [22mreturns 0 for empty set
   [2m[90mΓåô[39m[22m calculateStreak[2m > [22mreturns 1 when only today is completed
   [2m[90mΓåô[39m[22m calculateStreak[2m > [22mreturns 1 when only yesterday is completed
   [2m[90mΓåô[39m[22m calculateStreak[2m > [22mreturns 2 when today and yesterday are completed
   [2m[90mΓåô[39m[22m calculateStreak[2m > [22mreturns 0 when neither today nor yesterday is completed
   [2m[90mΓåô[39m[22m calculateStreak[2m > [22mstops at gaps (today + 2 days ago = streak of 1)
   [2m[90mΓåô[39m[22m calculateStreak[2m > [22mcounts long consecutive streaks
   [2m[90mΓåô[39m[22m calculateStreak[2m > [22mstreak from yesterday counts backwards correctly
   [2m[90mΓåô[39m[22m calculateStreak[2m > [22mcounts across leap year boundary (Feb 29 to Mar 1)
   [2m[90mΓåô[39m[22m calculateStreak[2m > [22mcounts across non-leap year boundary (Feb 28 to Mar 1)
   [2m[90mΓåô[39m[22m calculateStreak[2m > [22mcounts across year boundary (Dec 31 to Jan 1)
   [2m[90mΓåô[39m[22m calculateStreak[2m > [22mignores future dates
   [2m[90mΓåô[39m[22m calculateStreak[2m > [22msingle old date far in the past returns 0
   [2m[90mΓåô[39m[22m calculateStreak[2m > [22mreturns 0 if today is completed but it is the only one and not today or yesterday
   [2m[90mΓåô[39m[22m expandExercisesToSetRows[2m > [22mexpands exercise with sets array
   [2m[90mΓåô[39m[22m expandExercisesToSetRows[2m > [22muses numSets when no sets array is provided
   [2m[90mΓåô[39m[22m expandExercisesToSetRows[2m > [22mdefaults to 1 set when no sets array and no numSets
   [2m[90mΓåô[39m[22m expandExercisesToSetRows[2m > [22mpropagates customLabel
   [2m[90mΓåô[39m[22m expandExercisesToSetRows[2m > [22mincrements sortOrder across multiple exercises
   [2m[90mΓåô[39m[22m expandExercisesToSetRows[2m > [22mreturns empty array for exercise with empty sets array
   [2m[90mΓåô[39m[22m expandExercisesToSetRows[2m > [22mhandles null/undefined values with nullish coalescing
node.exe : 
At line:1 char:1
+ & "C:\Program 
Files\nodejs/node.exe" 
"C:\Program 
Files\nodejs/node_mo 
...
+ ~~~~~~~~~~~~~~~~~~~~~
~~~~~~~~~~~~~~~~~~~~~~~
~~~~~~~~~~~~~~~~~~~~~~~
~~
    + CategoryInfo     
         : 
NotSpecified: (:St    
ring) [], RemoteExcept 
   ion
    + 
FullyQualifiedErrorI   
 d : NativeCommandError
 
[31mΓÄ»ΓÄ»ΓÄ»ΓÄ»ΓÄ»ΓÄ»
ΓÄ»[39m[1m[41m 
Failed Tests 1 [49m[2
2m[31mΓÄ»ΓÄ»ΓÄ»ΓÄ»ΓÄ»Γ
Ä»ΓÄ»[39m

[41m[1m FAIL 
[22m[49m server/route
Utils.test.ts[2m > 
[22mrateLimiter[2m > 
[22mdistinguishes 
between different 
categories for the 
same user
[31m[1mAssertionError
[22m: expected "spy" 
to be called 2 times, 
but got 1 times[39m
[36m [2mΓ¥»[22m serv
er/routeUtils.test.ts:
[2m189:18[22m[39m
    [90m187| [39m
    [90m188| [39m    
authLimiter(req, res 
as Response, next); // 
1st auth request (ok 
ΓÇöΓÇª
    [90m189| [39m    
[34mexpect[39m(next)
[33m.[39m[34mtoHaveBe
enCalledTimes[39m([34
m2[39m)[33m;[39m
    [90m   | [39m    
             
[31m^[39m
    [90m190| [39m
    [90m191| [39m    
apiLimiter(req, res as 
Response, next); // 
2nd api request 
(blockeΓÇª

[31m[2mΓÄ»ΓÄ»ΓÄ»ΓÄ»ΓÄ
»ΓÄ»ΓÄ»ΓÄ»ΓÄ»ΓÄ»ΓÄ»ΓÄ»Γ
Ä»ΓÄ»ΓÄ»ΓÄ»ΓÄ»ΓÄ»ΓÄ»ΓÄ»
ΓÄ»ΓÄ»ΓÄ»ΓÄ»[1/1]ΓÄ»[2
2m[39m


[2m Test Files [22m [1m[31m1 failed[39m[22m[90m (1)[39m
[2m      Tests [22m [1m[31m1 failed[39m[22m[2m | [22m[33m27 skipped[39m[90m (28)[39m
[2m   Start at [22m 20:25:10
[2m   Duration [22m 4.83s[2m (transform 426ms, setup 210ms, collect 2.07s, tests 73ms, environment 1.66s, prepare 243ms)[22m

